Sending request to http://localhost:8000/chat...
Status Code: 200
Response JSON:
{
  "response": "\u26a0\ufe0f I'm currently receiving too many requests (Quota Exceeded). Please try again in usually 1-2 minutes. (Free Tier Limit)",
  "error": "429 You exceeded your current quota, please check your plan and billing details. For more information on this error, head to: https://ai.google.dev/gemini-api/docs/rate-limits. To monitor your current usage, head to: https://ai.dev/rate-limit. \n* Quota exceeded for metric: generativelanguage.googleapis.com/generate_content_free_tier_input_token_count, limit: 0, model: gemini-2.0-flash\n* Quota exceeded for metric: generativelanguage.googleapis.com/generate_content_free_tier_requests, limit: 0, model: gemini-2.0-flash\n* Quota exceeded for metric: generativelanguage.googleapis.com/generate_content_free_tier_requests, limit: 0, model: gemini-2.0-flash\nPlease retry in 26.793430676s. [links {\n  description: \"Learn more about Gemini API quotas\"\n  url: \"https://ai.google.dev/gemini-api/docs/rate-limits\"\n}\n, violations {\n  quota_metric: \"generativelanguage.googleapis.com/generate_content_free_tier_input_token_count\"\n  quota_id: \"GenerateContentInputTokensPerModelPerMinute-FreeTier\"\n  quota_dimensions {\n    key: \"model\"\n    value: \"gemini-2.0-flash\"\n  }\n  quota_dimensions {\n    key: \"location\"\n    value: \"global\"\n  }\n}\nviolations {\n  quota_metric: \"generativelanguage.googleapis.com/generate_content_free_tier_requests\"\n  quota_id: \"GenerateRequestsPerMinutePerProjectPerModel-FreeTier\"\n  quota_dimensions {\n    key: \"model\"\n    value: \"gemini-2.0-flash\"\n  }\n  quota_dimensions {\n    key: \"location\"\n    value: \"global\"\n  }\n}\nviolations {\n  quota_metric: \"generativelanguage.googleapis.com/generate_content_free_tier_requests\"\n  quota_id: \"GenerateRequestsPerDayPerProjectPerModel-FreeTier\"\n  quota_dimensions {\n    key: \"model\"\n    value: \"gemini-2.0-flash\"\n  }\n  quota_dimensions {\n    key: \"location\"\n    value: \"global\"\n  }\n}\n, retry_delay {\n  seconds: 26\n}\n]"
}
